// Jest Snapshot v1, https://goo.gl/fbAQLP

exports[`completedTasks To  match snapshot 1`] = `
<DocumentFragment>
  <completedtasks />
</DocumentFragment>
`;
